#
# There is insufficient memory for the Java Runtime Environment to continue.
# Native memory allocation (malloc) failed to allocate 1730800 bytes. Error detail: Chunk::new
# Possible reasons:
#   The system is out of physical RAM or swap space
#   This process is running with CompressedOops enabled, and the Java Heap may be blocking the growth of the native heap
# Possible solutions:
#   Reduce memory load on the system
#   Increase physical memory or swap space
#   Check if swap backing store is full
#   Decrease Java heap size (-Xmx/-Xms)
#   Decrease number of Java threads
#   Decrease Java thread stack sizes (-Xss)
#   Set larger code cache with -XX:ReservedCodeCacheSize=
#   JVM is running with Unscaled Compressed Oops mode in which the Java heap is
#     placed in the first 4GB address space. The Java Heap base address is the
#     maximum limit for the native heap growth. Please use -XX:HeapBaseMinAddress
#     to set the Java Heap base and to place the Java Heap above 4GB virtual address.
# This output file may be truncated or incomplete.
#
#  Out of Memory Error (arena.cpp:168), pid=9756, tid=9896
#
# JRE version: OpenJDK Runtime Environment Temurin-21.0.12.1+1 (21.0.12.1+1) (build 21.0.12.1+1-LTS)
# Java VM: OpenJDK 64-Bit Server VM Temurin-21.0.12.1+1 (21.0.12.1+1-LTS, mixed mode, sharing, tiered, compressed oops, compressed class ptrs, parallel gc, windows-amd64)
# No core dump will be written. Minidumps are not enabled by default on client versions of Windows
#

---------------  S U M M A R Y ------------

Command Line: --add-modules=ALL-SYSTEM --add-opens=java.base/java.util=ALL-UNNAMED --add-opens=java.base/java.lang=ALL-UNNAMED --add-opens=java.base/sun.nio.fs=ALL-UNNAMED -Declipse.application=org.eclipse.jdt.ls.core.id1 -Dosgi.bundles.defaultStartLevel=4 -Declipse.product=org.eclipse.jdt.ls.core.product -Djava.import.generatesMetadataFilesAtProjectRoot=false -Dm2e.project.cache.size=50 -DDetectVMInstallationsJob.disabled=true -Dfile.encoding=utf8 -XX:+UseParallelGC -XX:GCTimeRatio=4 -XX:AdaptiveSizePolicyWeight=90 -Dsun.zip.disableMemoryMapping=true -Xmx2G -Xms100m -Xlog:disable -javaagent:c:\Users\userr\.vscode\extensions\redhat.java-1.56.0-win32-x64\lombok\lombok-1.18.39-4050.jar -XX:+HeapDumpOnOutOfMemoryError -XX:HeapDumpPath=c:\Users\userr\AppData\Roaming\Code\User\workspaceStorage\c4b83d7339acd179f2d2b69a820df3c5\redhat.java -Daether.dependencyCollector.impl=bf c:\Users\userr\.vscode\extensions\redhat.java-1.56.0-win32-x64\server\plugins\org.eclipse.equinox.launcher_1.8.0.v20260804-1928.jar -configuration c:\Users\userr\AppData\Roaming\Code\User\globalStorage\redhat.java\1.56.0\config_win -data c:\Users\userr\AppData\Roaming\Code\User\workspaceStorage\c4b83d7339acd179f2d2b69a820df3c5\redhat.java\jdt_ws --stdio

Host: AMD Ryzen 3 3250U with Radeon Graphics         , 4 cores, 3G,  Windows 11 , 64 bit Build 26100 (10.0.26100.9444)
Time: Tue Oct  6 13:42:40 2026 SE Asia Standard Time elapsed time: 31.076545 seconds (0d 0h 0m 31s)

---------------  T H R E A D  ---------------

Current thread (0x000001ff26cf7f20):  JavaThread "C2 CompilerThread0" daemon [_thread_in_native, id=9896, stack(0x000000bdb8700000,0x000000bdb8800000) (1024K)]


Current CompileTask:
C2:31076 7750       4       org.eclipse.osgi.internal.loader.BundleLoader::addExportedProvidersFor (167 bytes)

Stack: [0x000000bdb8700000,0x000000bdb8800000]
Native frames: (J=compiled Java code, j=interpreted, Vv=VM code, C=native code)
V  [jvm.dll+0x6d83e9]
V  [jvm.dll+0x8b5736]
V  [jvm.dll+0x8b7cee]
V  [jvm.dll+0x8b83d3]
V  [jvm.dll+0x284596]
V  [jvm.dll+0xc685d]
V  [jvm.dll+0xc6da1]
V  [jvm.dll+0x3bf18b]
V  [jvm.dll+0x38b6d2]
V  [jvm.dll+0x38ab1a]
V  [jvm.dll+0x24c700]
V  [jvm.dll+0x24bce0]
V  [jvm.dll+0x1cb4ae]
V  [jvm.dll+0x25baad]
V  [jvm.dll+0x25a03a]
V  [jvm.dll+0x3f8aae]
V  [jvm.dll+0x8600cd]
V  [jvm.dll+0x6d6c1d]
C  [ucrtbase.dll+0x2cd30]
C  [KERNEL32.DLL+0x2cd87]
C  [ntdll.dll+0xacaec]


---------------  P R O C E S S  ---------------

Threads class SMR info:
_java_thread_list=0x000001ff6fd78420, length=32, elements={
0x000001ff102fa480, 0x000001ff26ce7040, 0x000001ff26ce9d30, 0x000001ff26ceeb90,
0x000001ff26cf1660, 0x000001ff26cf2a40, 0x000001ff26cf54c0, 0x000001ff26cf7f20,
0x000001ff26d02930, 0x000001ff68a86eb0, 0x000001ff68b84c20, 0x000001ff6d5e90c0,
0x000001ff6d2c1c30, 0x000001ff6d2b6c30, 0x000001ff6d2cd140, 0x000001ff6d719c40,
0x000001ff6d99e220, 0x000001ff26d73b50, 0x000001ff6db04000, 0x000001ff6db02c50,
0x000001ff6db032e0, 0x000001ff6dcb9a50, 0x000001ff6dcba0e0, 0x000001ff6dcb86a0,
0x000001ff6dcba770, 0x000001ff6dcbae00, 0x000001ff6dcbb490, 0x000001ff6dcbc1b0,
0x000001ff6dcb8d30, 0x000001ff6dcb93c0, 0x000001ff6dcbe910, 0x000001ff6dcbced0
}

Java Threads: ( => current thread )
  0x000001ff102fa480 JavaThread "main"                              [_thread_blocked, id=3696, stack(0x000000bdb7d00000,0x000000bdb7e00000) (1024K)]
  0x000001ff26ce7040 JavaThread "Reference Handler"          daemon [_thread_blocked, id=17724, stack(0x000000bdb8100000,0x000000bdb8200000) (1024K)]
  0x000001ff26ce9d30 JavaThread "Finalizer"                  daemon [_thread_blocked, id=11576, stack(0x000000bdb8200000,0x000000bdb8300000) (1024K)]
  0x000001ff26ceeb90 JavaThread "Signal Dispatcher"          daemon [_thread_blocked, id=2912, stack(0x000000bdb8300000,0x000000bdb8400000) (1024K)]
  0x000001ff26cf1660 JavaThread "Attach Listener"            daemon [_thread_blocked, id=13956, stack(0x000000bdb8400000,0x000000bdb8500000) (1024K)]
  0x000001ff26cf2a40 JavaThread "Service Thread"             daemon [_thread_blocked, id=5968, stack(0x000000bdb8500000,0x000000bdb8600000) (1024K)]
  0x000001ff26cf54c0 JavaThread "Monitor Deflation Thread"   daemon [_thread_blocked, id=12044, stack(0x000000bdb8600000,0x000000bdb8700000) (1024K)]
=>0x000001ff26cf7f20 JavaThread "C2 CompilerThread0"         daemon [_thread_in_native, id=9896, stack(0x000000bdb8700000,0x000000bdb8800000) (1024K)]
  0x000001ff26d02930 JavaThread "C1 CompilerThread0"         daemon [_thread_blocked, id=8852, stack(0x000000bdb8800000,0x000000bdb8900000) (1024K)]
  0x000001ff68a86eb0 JavaThread "Common-Cleaner"             daemon [_thread_blocked, id=4816, stack(0x000000bdb8900000,0x000000bdb8a00000) (1024K)]
  0x000001ff68b84c20 JavaThread "Notification Thread"        daemon [_thread_blocked, id=14344, stack(0x000000bdb8b00000,0x000000bdb8c00000) (1024K)]
  0x000001ff6d5e90c0 JavaThread "Active Thread: Equinox Container: 576db826-8f5b-4f16-a736-c81eefd10334"        [_thread_blocked, id=13392, stack(0x000000bdb8f00000,0x000000bdb9000000) (1024K)]
  0x000001ff6d2c1c30 JavaThread "Refresh Thread: Equinox Container: 576db826-8f5b-4f16-a736-c81eefd10334" daemon [_thread_blocked, id=18052, stack(0x000000bdb9000000,0x000000bdb9100000) (1024K)]
  0x000001ff6d2b6c30 JavaThread "Framework Event Dispatcher: Equinox Container: 576db826-8f5b-4f16-a736-c81eefd10334" daemon [_thread_blocked, id=10064, stack(0x000000bdb9100000,0x000000bdb9200000) (1024K)]
  0x000001ff6d2cd140 JavaThread "Start Level: Equinox Container: 576db826-8f5b-4f16-a736-c81eefd10334" daemon [_thread_blocked, id=956, stack(0x000000bdb9200000,0x000000bdb9300000) (1024K)]
  0x000001ff6d719c40 JavaThread "Bundle File Closer"         daemon [_thread_blocked, id=12720, stack(0x000000bdb9300000,0x000000bdb9400000) (1024K)]
  0x000001ff6d99e220 JavaThread "SCR Component Actor"        daemon [_thread_blocked, id=10924, stack(0x000000bdb9400000,0x000000bdb9500000) (1024K)]
  0x000001ff26d73b50 JavaThread "Worker-JM"                         [_thread_blocked, id=15300, stack(0x000000bdb9500000,0x000000bdb9600000) (1024K)]
  0x000001ff6db04000 JavaThread "JNA Cleaner"                daemon [_thread_blocked, id=4004, stack(0x000000bdb9600000,0x000000bdb9700000) (1024K)]
  0x000001ff6db02c50 JavaThread "Worker-0"                          [_thread_blocked, id=8084, stack(0x000000bdb9700000,0x000000bdb9800000) (1024K)]
  0x000001ff6db032e0 JavaThread "Worker-1"                          [_thread_blocked, id=8240, stack(0x000000bdb9800000,0x000000bdb9900000) (1024K)]
  0x000001ff6dcb9a50 JavaThread "Java indexing"              daemon [_thread_blocked, id=4516, stack(0x000000bdb9900000,0x000000bdb9a00000) (1024K)]
  0x000001ff6dcba0e0 JavaThread "Worker-2"                          [_thread_blocked, id=8908, stack(0x000000bdb9a00000,0x000000bdb9b00000) (1024K)]
  0x000001ff6dcb86a0 JavaThread "Worker-3"                          [_thread_blocked, id=17676, stack(0x000000bdb9d00000,0x000000bdb9e00000) (1024K)]
  0x000001ff6dcba770 JavaThread "Worker-4: Initialize workspace"        [_thread_blocked, id=14784, stack(0x000000bdb9e00000,0x000000bdb9f00000) (1024K)]
  0x000001ff6dcbae00 JavaThread "Worker-5"                          [_thread_blocked, id=12844, stack(0x000000bdb9f00000,0x000000bdba000000) (1024K)]
  0x000001ff6dcbb490 JavaThread "pool-2-thread-1"                   [_thread_blocked, id=17980, stack(0x000000bdba000000,0x000000bdba100000) (1024K)]
  0x000001ff6dcbc1b0 JavaThread "WorkspaceEventsHandler"            [_thread_blocked, id=17356, stack(0x000000bdba100000,0x000000bdba200000) (1024K)]
  0x000001ff6dcb8d30 JavaThread "pool-1-thread-1"                   [_thread_blocked, id=14660, stack(0x000000bdba200000,0x000000bdba300000) (1024K)]
  0x000001ff6dcb93c0 JavaThread "ForkJoinPool.commonPool-worker-1" daemon [_thread_blocked, id=5208, stack(0x000000bdba300000,0x000000bdba400000) (1024K)]
  0x000001ff6dcbe910 JavaThread "ForkJoinPool.commonPool-worker-2" daemon [_thread_blocked, id=6432, stack(0x000000bdba400000,0x000000bdba500000) (1024K)]
  0x000001ff6dcbced0 JavaThread "ForkJoinPool.commonPool-worker-3" daemon [_thread_blocked, id=1140, stack(0x000000bdba500000,0x000000bdba600000) (1024K)]
Total: 32

Other Threads:
  0x000001ff103baa10 VMThread "VM Thread"                           [id=12488, stack(0x000000bdb8000000,0x000000bdb8100000) (1024K)]
  0x000001ff26c8ca00 WatcherThread "VM Periodic Task Thread"        [id=7060, stack(0x000000bdb7f00000,0x000000bdb8000000) (1024K)]
  0x000001ff10318590 WorkerThread "GC Thread#0"                     [id=17500, stack(0x000000bdb7e00000,0x000000bdb7f00000) (1024K)]
  0x000001ff68c94730 WorkerThread "GC Thread#1"                     [id=1212, stack(0x000000bdb8c00000,0x000000bdb8d00000) (1024K)]
  0x000001ff68cd01b0 WorkerThread "GC Thread#2"                     [id=12124, stack(0x000000bdb8d00000,0x000000bdb8e00000) (1024K)]
  0x000001ff68cd0560 WorkerThread "GC Thread#3"                     [id=10612, stack(0x000000bdb8e00000,0x000000bdb8f00000) (1024K)]
Total: 6

Threads with active compile tasks:
C2 CompilerThread0  31164 7750       4       org.eclipse.osgi.internal.loader.BundleLoader::addExportedProvidersFor (167 bytes)
Total: 1

VM state: at safepoint (normal execution)

VM Mutex/Monitor currently owned by a thread:  ([mutex/lock_event])
[0x00007fff0308f5b0] Threads_lock - owner thread: 0x000001ff103baa10
[0x00007fff0308f6b0] Heap_lock - owner thread: 0x000001ff6dcb8d30

Heap address: 0x0000000080000000, size: 2048 MB, Compressed Oops mode: 32-bit

CDS archive(s) mapped at: [0x000001ff27000000-0x000001ff27ba0000-0x000001ff27ba0000), size 12189696, SharedBaseAddress: 0x000001ff27000000, ArchiveRelocationMode: 1.
Compressed class space mapped at: 0x000001ff28000000-0x000001ff68000000, reserved size: 1073741824
Narrow klass base: 0x000001ff27000000, Narrow klass shift: 0, Narrow klass range: 0x100000000

GC Precious Log:
 CardTable entry size: 512
 CPUs: 4 total, 4 available
 Memory: 3522M
 Large Page Support: Disabled
 NUMA Support: Disabled
 Compressed Oops: Enabled (32-bit)
 Alignments: Space 512K, Generation 512K, Heap 2M
 Heap Min Capacity: 100M
 Heap Initial Capacity: 100M
 Heap Max Capacity: 2G
 Pre-touch: Disabled
 Parallel Workers: 4

Heap:
 PSYoungGen      total 11264K, used 11099K [0x00000000d5580000, 0x00000000d6580000, 0x0000000100000000)
  eden space 6144K, 99% used [0x00000000d5580000,0x00000000d5b7c068,0x00000000d5b80000)
  from space 5120K, 97% used [0x00000000d5b80000,0x00000000d605ad18,0x00000000d6080000)
  to   space 5120K, 37% used [0x00000000d6080000,0x00000000d62606e8,0x00000000d6580000)
 ParOldGen       total 414208K, used 413702K [0x0000000080000000, 0x0000000099480000, 0x00000000d5580000)
  object space 414208K, 99% used [0x0000000080000000,0x00000000994019f0,0x0000000099480000)
 Metaspace       used 52352K, committed 53632K, reserved 1114112K
  class space    used 5739K, committed 6272K, reserved 1048576K

Card table byte_map: [0x000001ff0fcd0000,0x000001ff100e0000] _byte_map_base: 0x000001ff0f8d0000

Marking Bits: (ParMarkBitMap*) 0x00007fff030944a0
 Begin Bits: [0x000001ff227b0000, 0x000001ff247b0000)
 End Bits:   [0x000001ff247b0000, 0x000001ff267b0000)

Polling page: 0x000001ff0fac0000

Metaspace:

Usage:
  Non-class:     45.52 MB used.
      Class:      5.60 MB used.
       Both:     51.13 MB used.

Virtual space:
  Non-class space:       64.00 MB reserved,      46.25 MB ( 72%) committed,  1 nodes.
      Class space:        1.00 GB reserved,       6.12 MB ( <1%) committed,  1 nodes.
             Both:        1.06 GB reserved,      52.38 MB (  5%) committed. 

Chunk freelists:
   Non-Class:  1.47 MB
       Class:  9.79 MB
        Both:  11.25 MB

MaxMetaspaceSize: unlimited
CompressedClassSpaceSize: 1.00 GB
Initial GC threshold: 21.00 MB
Current GC threshold: 58.38 MB
CDS: on
 - commit_granule_bytes: 65536.
 - commit_granule_words: 8192.
 - virtual_space_node_default_size: 8388608.
 - enlarge_chunks_in_place: 1.
 - use_allocation_guard: 0.


Internal statistics:

num_allocs_failed_limit: 6.
num_arena_births: 926.
num_arena_deaths: 32.
num_vsnodes_births: 2.
num_vsnodes_deaths: 0.
num_space_committed: 838.
num_space_uncommitted: 0.
num_chunks_returned_to_freelist: 45.
num_chunks_taken_from_freelist: 3315.
num_chunk_merges: 11.
num_chunk_splits: 2061.
num_chunks_enlarged: 1208.
num_inconsistent_stats: 0.

CodeHeap 'non-profiled nmethods': size=120000Kb used=4370Kb max_used=4370Kb free=115629Kb
 bounds [0x000001ff1afd0000, 0x000001ff1b420000, 0x000001ff22500000]
CodeHeap 'profiled nmethods': size=120000Kb used=14956Kb max_used=14956Kb free=105044Kb
 bounds [0x000001ff13500000, 0x000001ff143a0000, 0x000001ff1aa30000]
CodeHeap 'non-nmethods': size=5760Kb used=1404Kb max_used=1449Kb free=4356Kb
 bounds [0x000001ff1aa30000, 0x000001ff1aca0000, 0x000001ff1afd0000]
CodeCache: size=245760Kb, used=20730Kb, max_used=20775Kb, free=225029Kb
 total_blobs=7958, nmethods=7246, adapters=618, full_count=0
Compilation: enabled, stopped_count=0, restarted_count=0

Compilation events (20 events):
Event: 30.950 Thread 0x000001ff26d02930 7764       3       org.eclipse.core.internal.dtree.DataTreeLookup::<init> (26 bytes)
Event: 30.950 Thread 0x000001ff26d02930 nmethod 7764 0x000001ff14396a10 code [0x000001ff14396bc0, 0x000001ff14396d68]
Event: 30.954 Thread 0x000001ff26d02930 7765       3       java.util.LinkedHashMap::entrySet (5 bytes)
Event: 30.954 Thread 0x000001ff26d02930 nmethod 7765 0x000001ff14396e10 code [0x000001ff14396fc0, 0x000001ff14397180]
Event: 30.960 Thread 0x000001ff26d02930 7766       3       org.eclipse.core.internal.dtree.DataTreeLookup::newLookup (12 bytes)
Event: 30.961 Thread 0x000001ff26d02930 nmethod 7766 0x000001ff14397210 code [0x000001ff143973c0, 0x000001ff14397608]
Event: 30.965 Thread 0x000001ff26d02930 7768       3       com.google.gson.internal.bind.ReflectiveTypeAdapterFactory$FieldReflectionAdapter::readField (7 bytes)
Event: 30.965 Thread 0x000001ff26d02930 nmethod 7768 0x000001ff14397710 code [0x000001ff143978c0, 0x000001ff14397aa8]
Event: 30.965 Thread 0x000001ff26d02930 7769       3       com.google.gson.internal.bind.ReflectiveTypeAdapterFactory$2::readIntoField (93 bytes)
Event: 30.967 Thread 0x000001ff26d02930 nmethod 7769 0x000001ff14397b90 code [0x000001ff14397ea0, 0x000001ff14398c00]
Event: 30.974 Thread 0x000001ff26d02930 7771       1       java.security.DrbgParameters$NextBytes::getStrength (5 bytes)
Event: 30.974 Thread 0x000001ff26d02930 nmethod 7771 0x000001ff1b414510 code [0x000001ff1b4146a0, 0x000001ff1b414768]
Event: 30.974 Thread 0x000001ff26d02930 7772       1       java.security.DrbgParameters$NextBytes::getPredictionResistance (5 bytes)
Event: 30.974 Thread 0x000001ff26d02930 nmethod 7772 0x000001ff1b414810 code [0x000001ff1b4149a0, 0x000001ff1b414a70]
Event: 30.979 Thread 0x000001ff26d02930 7773       3       org.eclipse.core.runtime.Path::toFile (12 bytes)
Event: 30.980 Thread 0x000001ff26d02930 nmethod 7773 0x000001ff14399110 code [0x000001ff143992c0, 0x000001ff143994a8]
Event: 30.982 Thread 0x000001ff26d02930 7774       3       org.eclipse.core.internal.dtree.DeltaDataTree::lookup (158 bytes)
Event: 30.983 Thread 0x000001ff26d02930 nmethod 7774 0x000001ff14399590 code [0x000001ff14399820, 0x000001ff1439a5b8]
Event: 31.034 Thread 0x000001ff26d02930 7775       3       java.util.concurrent.ConcurrentHashMap$KeySetView::contains (9 bytes)
Event: 31.035 Thread 0x000001ff26d02930 nmethod 7775 0x000001ff1439ab10 code [0x000001ff1439acc0, 0x000001ff1439aed0]

GC Heap History (20 events):
Event: 29.896 GC heap before
{Heap before GC invocations=270 (full 2):
 PSYoungGen      total 8192K, used 8053K [0x00000000d5580000, 0x00000000d6200000, 0x0000000100000000)
  eden space 5120K, 99% used [0x00000000d5580000,0x00000000d5a757f8,0x00000000d5a80000)
  from space 3072K, 96% used [0x00000000d5c00000,0x00000000d5ee8000,0x00000000d5f00000)
  to   space 3072K, 0% used [0x00000000d5f00000,0x00000000d5f00000,0x00000000d6200000)
 ParOldGen       total 398848K, used 398727K [0x0000000080000000, 0x0000000098580000, 0x00000000d5580000)
  object space 398848K, 99% used [0x0000000080000000,0x0000000098561c10,0x0000000098580000)
 Metaspace       used 50801K, committed 52096K, reserved 1114112K
  class space    used 5568K, committed 6080K, reserved 1048576K
}
Event: 29.902 GC heap after
{Heap after GC invocations=270 (full 2):
 PSYoungGen      total 5632K, used 96K [0x00000000d5580000, 0x00000000d5f80000, 0x0000000100000000)
  eden space 5120K, 0% used [0x00000000d5580000,0x00000000d5580000,0x00000000d5a80000)
  from space 512K, 18% used [0x00000000d5f00000,0x00000000d5f18000,0x00000000d5f80000)
  to   space 1536K, 0% used [0x00000000d5c80000,0x00000000d5c80000,0x00000000d5e00000)
 ParOldGen       total 401920K, used 401663K [0x0000000080000000, 0x0000000098880000, 0x00000000d5580000)
  object space 401920K, 99% used [0x0000000080000000,0x000000009883fc10,0x0000000098880000)
 Metaspace       used 50801K, committed 52096K, reserved 1114112K
  class space    used 5568K, committed 6080K, reserved 1048576K
}
Event: 29.998 GC heap before
{Heap before GC invocations=271 (full 2):
 PSYoungGen      total 5632K, used 5216K [0x00000000d5580000, 0x00000000d5f80000, 0x0000000100000000)
  eden space 5120K, 100% used [0x00000000d5580000,0x00000000d5a80000,0x00000000d5a80000)
  from space 512K, 18% used [0x00000000d5f00000,0x00000000d5f18000,0x00000000d5f80000)
  to   space 1536K, 0% used [0x00000000d5c80000,0x00000000d5c80000,0x00000000d5e00000)
 ParOldGen       total 401920K, used 401663K [0x0000000080000000, 0x0000000098880000, 0x00000000d5580000)
  object space 401920K, 99% used [0x0000000080000000,0x000000009883fc10,0x0000000098880000)
 Metaspace       used 50893K, committed 52160K, reserved 1114112K
  class space    used 5596K, committed 6144K, reserved 1048576K
}
Event: 30.000 GC heap after
{Heap after GC invocations=271 (full 2):
 PSYoungGen      total 6656K, used 96K [0x00000000d5580000, 0x00000000d5f80000, 0x0000000100000000)
  eden space 5120K, 0% used [0x00000000d5580000,0x00000000d5580000,0x00000000d5a80000)
  from space 1536K, 6% used [0x00000000d5c80000,0x00000000d5c98000,0x00000000d5e00000)
  to   space 512K, 0% used [0x00000000d5f00000,0x00000000d5f00000,0x00000000d5f80000)
 ParOldGen       total 401920K, used 401711K [0x0000000080000000, 0x0000000098880000, 0x00000000d5580000)
  object space 401920K, 99% used [0x0000000080000000,0x000000009884bc10,0x0000000098880000)
 Metaspace       used 50893K, committed 52160K, reserved 1114112K
  class space    used 5596K, committed 6144K, reserved 1048576K
}
Event: 30.180 GC heap before
{Heap before GC invocations=272 (full 2):
 PSYoungGen      total 6656K, used 5215K [0x00000000d5580000, 0x00000000d5f80000, 0x0000000100000000)
  eden space 5120K, 99% used [0x00000000d5580000,0x00000000d5a7fef8,0x00000000d5a80000)
  from space 1536K, 6% used [0x00000000d5c80000,0x00000000d5c98000,0x00000000d5e00000)
  to   space 512K, 0% used [0x00000000d5f00000,0x00000000d5f00000,0x00000000d5f80000)
 ParOldGen       total 401920K, used 401711K [0x0000000080000000, 0x0000000098880000, 0x00000000d5580000)
  object space 401920K, 99% used [0x0000000080000000,0x000000009884bc10,0x0000000098880000)
 Metaspace       used 51183K, committed 52416K, reserved 1114112K
  class space    used 5622K, committed 6144K, reserved 1048576K
}
Event: 30.186 GC heap after
{Heap after GC invocations=272 (full 2):
 PSYoungGen      total 5632K, used 192K [0x00000000d5580000, 0x00000000d5f80000, 0x0000000100000000)
  eden space 5120K, 0% used [0x00000000d5580000,0x00000000d5580000,0x00000000d5a80000)
  from space 512K, 37% used [0x00000000d5f00000,0x00000000d5f30000,0x00000000d5f80000)
  to   space 512K, 0% used [0x00000000d5e80000,0x00000000d5e80000,0x00000000d5f00000)
 ParOldGen       total 401920K, used 401743K [0x0000000080000000, 0x0000000098880000, 0x00000000d5580000)
  object space 401920K, 99% used [0x0000000080000000,0x0000000098853c10,0x0000000098880000)
 Metaspace       used 51183K, committed 52416K, reserved 1114112K
  class space    used 5622K, committed 6144K, reserved 1048576K
}
Event: 30.319 GC heap before
{Heap before GC invocations=273 (full 2):
 PSYoungGen      total 5632K, used 5312K [0x00000000d5580000, 0x00000000d5f80000, 0x0000000100000000)
  eden space 5120K, 100% used [0x00000000d5580000,0x00000000d5a80000,0x00000000d5a80000)
  from space 512K, 37% used [0x00000000d5f00000,0x00000000d5f30000,0x00000000d5f80000)
  to   space 512K, 0% used [0x00000000d5e80000,0x00000000d5e80000,0x00000000d5f00000)
 ParOldGen       total 401920K, used 401743K [0x0000000080000000, 0x0000000098880000, 0x00000000d5580000)
  object space 401920K, 99% used [0x0000000080000000,0x0000000098853c10,0x0000000098880000)
 Metaspace       used 51460K, committed 52736K, reserved 1114112K
  class space    used 5650K, committed 6208K, reserved 1048576K
}
Event: 30.324 GC heap after
{Heap after GC invocations=273 (full 2):
 PSYoungGen      total 5632K, used 160K [0x00000000d5580000, 0x00000000d5f80000, 0x0000000100000000)
  eden space 5120K, 0% used [0x00000000d5580000,0x00000000d5580000,0x00000000d5a80000)
  from space 512K, 31% used [0x00000000d5e80000,0x00000000d5ea8010,0x00000000d5f00000)
  to   space 512K, 0% used [0x00000000d5f00000,0x00000000d5f00000,0x00000000d5f80000)
 ParOldGen       total 401920K, used 401887K [0x0000000080000000, 0x0000000098880000, 0x00000000d5580000)
  object space 401920K, 99% used [0x0000000080000000,0x0000000098877c10,0x0000000098880000)
 Metaspace       used 51460K, committed 52736K, reserved 1114112K
  class space    used 5650K, committed 6208K, reserved 1048576K
}
Event: 30.429 GC heap before
{Heap before GC invocations=274 (full 2):
 PSYoungGen      total 5632K, used 5280K [0x00000000d5580000, 0x00000000d5f80000, 0x0000000100000000)
  eden space 5120K, 100% used [0x00000000d5580000,0x00000000d5a80000,0x00000000d5a80000)
  from space 512K, 31% used [0x00000000d5e80000,0x00000000d5ea8010,0x00000000d5f00000)
  to   space 512K, 0% used [0x00000000d5f00000,0x00000000d5f00000,0x00000000d5f80000)
 ParOldGen       total 401920K, used 401887K [0x0000000080000000, 0x0000000098880000, 0x00000000d5580000)
  object space 401920K, 99% used [0x0000000080000000,0x0000000098877c10,0x0000000098880000)
 Metaspace       used 51764K, committed 52992K, reserved 1114112K
  class space    used 5679K, committed 6208K, reserved 1048576K
}
Event: 30.433 GC heap after
{Heap after GC invocations=274 (full 2):
 PSYoungGen      total 5632K, used 160K [0x00000000d5580000, 0x00000000d5f80000, 0x0000000100000000)
  eden space 5120K, 0% used [0x00000000d5580000,0x00000000d5580000,0x00000000d5a80000)
  from space 512K, 31% used [0x00000000d5f00000,0x00000000d5f28000,0x00000000d5f80000)
  to   space 512K, 0% used [0x00000000d5e80000,0x00000000d5e80000,0x00000000d5f00000)
 ParOldGen       total 402432K, used 402007K [0x0000000080000000, 0x0000000098900000, 0x00000000d5580000)
  object space 402432K, 99% used [0x0000000080000000,0x0000000098895c20,0x0000000098900000)
 Metaspace       used 51764K, committed 52992K, reserved 1114112K
  class space    used 5679K, committed 6208K, reserved 1048576K
}
Event: 30.532 GC heap before
{Heap before GC invocations=275 (full 2):
 PSYoungGen      total 5632K, used 5280K [0x00000000d5580000, 0x00000000d5f80000, 0x0000000100000000)
  eden space 5120K, 100% used [0x00000000d5580000,0x00000000d5a80000,0x00000000d5a80000)
  from space 512K, 31% used [0x00000000d5f00000,0x00000000d5f28000,0x00000000d5f80000)
  to   space 512K, 0% used [0x00000000d5e80000,0x00000000d5e80000,0x00000000d5f00000)
 ParOldGen       total 402432K, used 402007K [0x0000000080000000, 0x0000000098900000, 0x00000000d5580000)
  object space 402432K, 99% used [0x0000000080000000,0x0000000098895c20,0x0000000098900000)
 Metaspace       used 51965K, committed 53184K, reserved 1114112K
  class space    used 5697K, committed 6208K, reserved 1048576K
}
Event: 30.536 GC heap after
{Heap after GC invocations=275 (full 2):
 PSYoungGen      total 5632K, used 488K [0x00000000d5580000, 0x00000000d5f80000, 0x0000000100000000)
  eden space 5120K, 0% used [0x00000000d5580000,0x00000000d5580000,0x00000000d5a80000)
  from space 512K, 95% used [0x00000000d5e80000,0x00000000d5efa3d8,0x00000000d5f00000)
  to   space 512K, 0% used [0x00000000d5f00000,0x00000000d5f00000,0x00000000d5f80000)
 ParOldGen       total 403456K, used 403023K [0x0000000080000000, 0x0000000098a00000, 0x00000000d5580000)
  object space 403456K, 99% used [0x0000000080000000,0x0000000098993c20,0x0000000098a00000)
 Metaspace       used 51965K, committed 53184K, reserved 1114112K
  class space    used 5697K, committed 6208K, reserved 1048576K
}
Event: 30.549 GC heap before
{Heap before GC invocations=276 (full 2):
 PSYoungGen      total 5632K, used 5608K [0x00000000d5580000, 0x00000000d5f80000, 0x0000000100000000)
  eden space 5120K, 100% used [0x00000000d5580000,0x00000000d5a80000,0x00000000d5a80000)
  from space 512K, 95% used [0x00000000d5e80000,0x00000000d5efa3d8,0x00000000d5f00000)
  to   space 512K, 0% used [0x00000000d5f00000,0x00000000d5f00000,0x00000000d5f80000)
 ParOldGen       total 403456K, used 403023K [0x0000000080000000, 0x0000000098a00000, 0x00000000d5580000)
  object space 403456K, 99% used [0x0000000080000000,0x0000000098993c20,0x0000000098a00000)
 Metaspace       used 51965K, committed 53184K, reserved 1114112K
  class space    used 5697K, committed 6208K, reserved 1048576K
}
Event: 30.554 GC heap after
{Heap after GC invocations=276 (full 2):
 PSYoungGen      total 5632K, used 512K [0x00000000d5580000, 0x00000000d5f80000, 0x0000000100000000)
  eden space 5120K, 0% used [0x00000000d5580000,0x00000000d5580000,0x00000000d5a80000)
  from space 512K, 100% used [0x00000000d5f00000,0x00000000d5f80000,0x00000000d5f80000)
  to   space 2560K, 0% used [0x00000000d5a80000,0x00000000d5a80000,0x00000000d5d00000)
 ParOldGen       total 404992K, used 404834K [0x0000000080000000, 0x0000000098b80000, 0x00000000d5580000)
  object space 404992K, 99% used [0x0000000080000000,0x0000000098b58ad8,0x0000000098b80000)
 Metaspace       used 51965K, committed 53184K, reserved 1114112K
  class space    used 5697K, committed 6208K, reserved 1048576K
}
Event: 30.578 GC heap before
{Heap before GC invocations=277 (full 2):
 PSYoungGen      total 5632K, used 5632K [0x00000000d5580000, 0x00000000d5f80000, 0x0000000100000000)
  eden space 5120K, 100% used [0x00000000d5580000,0x00000000d5a80000,0x00000000d5a80000)
  from space 512K, 100% used [0x00000000d5f00000,0x00000000d5f80000,0x00000000d5f80000)
  to   space 2560K, 0% used [0x00000000d5a80000,0x00000000d5a80000,0x00000000d5d00000)
 ParOldGen       total 404992K, used 404834K [0x0000000080000000, 0x0000000098b80000, 0x00000000d5580000)
  object space 404992K, 99% used [0x0000000080000000,0x0000000098b58ad8,0x0000000098b80000)
 Metaspace       used 51969K, committed 53184K, reserved 1114112K
  class space    used 5698K, committed 6208K, reserved 1048576K
}
Event: 30.586 GC heap after
{Heap after GC invocations=277 (full 2):
 PSYoungGen      total 7680K, used 2529K [0x00000000d5580000, 0x00000000d6680000, 0x0000000100000000)
  eden space 5120K, 0% used [0x00000000d5580000,0x00000000d5580000,0x00000000d5a80000)
  from space 2560K, 98% used [0x00000000d5a80000,0x00000000d5cf8788,0x00000000d5d00000)
  to   space 6144K, 0% used [0x00000000d6080000,0x00000000d6080000,0x00000000d6680000)
 ParOldGen       total 408064K, used 407730K [0x0000000080000000, 0x0000000098e80000, 0x00000000d5580000)
  object space 408064K, 99% used [0x0000000080000000,0x0000000098e2cad8,0x0000000098e80000)
 Metaspace       used 51969K, committed 53184K, reserved 1114112K
  class space    used 5698K, committed 6208K, reserved 1048576K
}
Event: 30.615 GC heap before
{Heap before GC invocations=278 (full 2):
 PSYoungGen      total 7680K, used 7649K [0x00000000d5580000, 0x00000000d6680000, 0x0000000100000000)
  eden space 5120K, 100% used [0x00000000d5580000,0x00000000d5a80000,0x00000000d5a80000)
  from space 2560K, 98% used [0x00000000d5a80000,0x00000000d5cf8788,0x00000000d5d00000)
  to   space 6144K, 0% used [0x00000000d6080000,0x00000000d6080000,0x00000000d6680000)
 ParOldGen       total 408064K, used 407730K [0x0000000080000000, 0x0000000098e80000, 0x00000000d5580000)
  object space 408064K, 99% used [0x0000000080000000,0x0000000098e2cad8,0x0000000098e80000)
 Metaspace       used 51993K, committed 53184K, reserved 1114112K
  class space    used 5698K, committed 6208K, reserved 1048576K
}
Event: 30.625 GC heap after
{Heap after GC invocations=278 (full 2):
 PSYoungGen      total 10240K, used 4739K [0x00000000d5580000, 0x00000000d6580000, 0x0000000100000000)
  eden space 5120K, 0% used [0x00000000d5580000,0x00000000d5580000,0x00000000d5a80000)
  from space 5120K, 92% used [0x00000000d6080000,0x00000000d6520e18,0x00000000d6580000)
  to   space 5120K, 0% used [0x00000000d5b80000,0x00000000d5b80000,0x00000000d6080000)
 ParOldGen       total 410624K, used 410133K [0x0000000080000000, 0x0000000099100000, 0x00000000d5580000)
  object space 410624K, 99% used [0x0000000080000000,0x00000000990857c8,0x0000000099100000)
 Metaspace       used 51993K, committed 53184K, reserved 1114112K
  class space    used 5698K, committed 6208K, reserved 1048576K
}
Event: 30.650 GC heap before
{Heap before GC invocations=279 (full 2):
 PSYoungGen      total 10240K, used 9859K [0x00000000d5580000, 0x00000000d6580000, 0x0000000100000000)
  eden space 5120K, 100% used [0x00000000d5580000,0x00000000d5a80000,0x00000000d5a80000)
  from space 5120K, 92% used [0x00000000d6080000,0x00000000d6520e18,0x00000000d6580000)
  to   space 5120K, 0% used [0x00000000d5b80000,0x00000000d5b80000,0x00000000d6080000)
 ParOldGen       total 410624K, used 410133K [0x0000000080000000, 0x0000000099100000, 0x00000000d5580000)
  object space 410624K, 99% used [0x0000000080000000,0x00000000990857c8,0x0000000099100000)
 Metaspace       used 51994K, committed 53184K, reserved 1114112K
  class space    used 5698K, committed 6208K, reserved 1048576K
}
Event: 30.662 GC heap after
{Heap after GC invocations=279 (full 2):
 PSYoungGen      total 11264K, used 4971K [0x00000000d5580000, 0x00000000d6580000, 0x0000000100000000)
  eden space 6144K, 0% used [0x00000000d5580000,0x00000000d5580000,0x00000000d5b80000)
  from space 5120K, 97% used [0x00000000d5b80000,0x00000000d605ad18,0x00000000d6080000)
  to   space 5120K, 0% used [0x00000000d6080000,0x00000000d6080000,0x00000000d6580000)
 ParOldGen       total 413184K, used 412782K [0x0000000080000000, 0x0000000099380000, 0x00000000d5580000)
  object space 413184K, 99% used [0x0000000080000000,0x000000009931b9f0,0x0000000099380000)
 Metaspace       used 51994K, committed 53184K, reserved 1114112K
  class space    used 5698K, committed 6208K, reserved 1048576K
}

Dll operation events (20 events):
Event: 0.038 Attempting to load shared library c:\Users\userr\.vscode\extensions\redhat.java-1.56.0-win32-x64\jre\21.0.12.1-win32-x86_64\bin\java.dll
Event: 0.038 Loaded shared library c:\Users\userr\.vscode\extensions\redhat.java-1.56.0-win32-x64\jre\21.0.12.1-win32-x86_64\bin\java.dll
Event: 0.285 Attempting to load shared library c:\Users\userr\.vscode\extensions\redhat.java-1.56.0-win32-x64\jre\21.0.12.1-win32-x86_64\bin\zip.dll
Event: 0.288 Loaded shared library c:\Users\userr\.vscode\extensions\redhat.java-1.56.0-win32-x64\jre\21.0.12.1-win32-x86_64\bin\zip.dll
Event: 0.372 Attempting to load shared library C:\Users\userr\.vscode\extensions\redhat.java-1.56.0-win32-x64\jre\21.0.12.1-win32-x86_64\bin\instrument.dll
Event: 0.372 Loaded shared library C:\Users\userr\.vscode\extensions\redhat.java-1.56.0-win32-x64\jre\21.0.12.1-win32-x86_64\bin\instrument.dll
Event: 0.403 Attempting to load shared library C:\Users\userr\.vscode\extensions\redhat.java-1.56.0-win32-x64\jre\21.0.12.1-win32-x86_64\bin\net.dll
Event: 0.407 Loaded shared library C:\Users\userr\.vscode\extensions\redhat.java-1.56.0-win32-x64\jre\21.0.12.1-win32-x86_64\bin\net.dll
Event: 0.414 Attempting to load shared library C:\Users\userr\.vscode\extensions\redhat.java-1.56.0-win32-x64\jre\21.0.12.1-win32-x86_64\bin\nio.dll
Event: 0.415 Loaded shared library C:\Users\userr\.vscode\extensions\redhat.java-1.56.0-win32-x64\jre\21.0.12.1-win32-x86_64\bin\nio.dll
Event: 0.423 Attempting to load shared library C:\Users\userr\.vscode\extensions\redhat.java-1.56.0-win32-x64\jre\21.0.12.1-win32-x86_64\bin\zip.dll
Event: 0.423 Loaded shared library C:\Users\userr\.vscode\extensions\redhat.java-1.56.0-win32-x64\jre\21.0.12.1-win32-x86_64\bin\zip.dll
Event: 0.888 Attempting to load shared library C:\Users\userr\.vscode\extensions\redhat.java-1.56.0-win32-x64\jre\21.0.12.1-win32-x86_64\bin\jimage.dll
Event: 0.889 Loaded shared library C:\Users\userr\.vscode\extensions\redhat.java-1.56.0-win32-x64\jre\21.0.12.1-win32-x86_64\bin\jimage.dll
Event: 1.077 Attempting to load shared library c:\Users\userr\.vscode\extensions\redhat.java-1.56.0-win32-x64\jre\21.0.12.1-win32-x86_64\bin\verify.dll
Event: 1.081 Loaded shared library c:\Users\userr\.vscode\extensions\redhat.java-1.56.0-win32-x64\jre\21.0.12.1-win32-x86_64\bin\verify.dll
Event: 5.455 Attempting to load shared library C:\Users\userr\AppData\Roaming\Code\User\globalStorage\redhat.java\1.56.0\config_win\org.eclipse.equinox.launcher\org.eclipse.equinox.launcher.win32.win32.x86_64_1.3.100.v20260804-1928\eclipse_11924.dll
Event: 5.467 Loaded shared library C:\Users\userr\AppData\Roaming\Code\User\globalStorage\redhat.java\1.56.0\config_win\org.eclipse.equinox.launcher\org.eclipse.equinox.launcher.win32.win32.x86_64_1.3.100.v20260804-1928\eclipse_11924.dll
Event: 10.334 Attempting to load shared library C:\Users\userr\AppData\Local\Temp\jna-111578631\jna11810466876488367012.dll
Event: 11.263 Loaded shared library C:\Users\userr\AppData\Local\Temp\jna-111578631\jna11810466876488367012.dll

Deoptimization events (20 events):
Event: 30.509 Thread 0x000001ff6dcb9a50 Uncommon trap: trap_request=0xffffffde fr.pc=0x000001ff1b25f670 relative=0x0000000000000650
Event: 30.509 Thread 0x000001ff6dcb9a50 Uncommon trap: reason=class_check action=maybe_recompile pc=0x000001ff1b25f670 method=org.eclipse.jdt.internal.compiler.util.SimpleLookupTable.put(Ljava/lang/Object;Ljava/lang/Object;)Ljava/lang/Object; @ 7 c2
Event: 30.509 Thread 0x000001ff6dcb9a50 DEOPT PACKING pc=0x000001ff1b25f670 sp=0x000000bdb99feeb0
Event: 30.509 Thread 0x000001ff6dcb9a50 DEOPT UNPACKING pc=0x000001ff1aa83aa2 sp=0x000000bdb99fee58 mode 2
Event: 30.648 Thread 0x000001ff6dcb86a0 Uncommon trap: trap_request=0xffffff45 fr.pc=0x000001ff1b3c349c relative=0x00000000000003bc
Event: 30.648 Thread 0x000001ff6dcb86a0 Uncommon trap: reason=unstable_if action=reinterpret pc=0x000001ff1b3c349c method=java.io.BufferedOutputStream.implWrite([BII)V @ 5 c2
Event: 30.648 Thread 0x000001ff6dcb86a0 DEOPT PACKING pc=0x000001ff1b3c349c sp=0x000000bdb9dfec80
Event: 30.648 Thread 0x000001ff6dcb86a0 DEOPT UNPACKING pc=0x000001ff1aa83aa2 sp=0x000000bdb9dfebe0 mode 2
Event: 30.664 Thread 0x000001ff6dcb86a0 Uncommon trap: trap_request=0xffffff45 fr.pc=0x000001ff1b3c4588 relative=0x0000000000000228
Event: 30.664 Thread 0x000001ff6dcb86a0 Uncommon trap: reason=unstable_if action=reinterpret pc=0x000001ff1b3c4588 method=java.io.BufferedOutputStream.implWrite([BII)V @ 5 c2
Event: 30.664 Thread 0x000001ff6dcb86a0 DEOPT PACKING pc=0x000001ff1b3c4588 sp=0x000000bdb9dfebf0
Event: 30.664 Thread 0x000001ff6dcb86a0 DEOPT UNPACKING pc=0x000001ff1aa83aa2 sp=0x000000bdb9dfebd8 mode 2
Event: 30.667 Thread 0x000001ff6dcb9a50 Uncommon trap: trap_request=0xffffffde fr.pc=0x000001ff1b25f670 relative=0x0000000000000650
Event: 30.667 Thread 0x000001ff6dcb9a50 Uncommon trap: reason=class_check action=maybe_recompile pc=0x000001ff1b25f670 method=org.eclipse.jdt.internal.compiler.util.SimpleLookupTable.put(Ljava/lang/Object;Ljava/lang/Object;)Ljava/lang/Object; @ 7 c2
Event: 30.667 Thread 0x000001ff6dcb9a50 DEOPT PACKING pc=0x000001ff1b25f670 sp=0x000000bdb99fede0
Event: 30.667 Thread 0x000001ff6dcb9a50 DEOPT UNPACKING pc=0x000001ff1aa83aa2 sp=0x000000bdb99fed88 mode 2
Event: 30.667 Thread 0x000001ff6dcb9a50 Uncommon trap: trap_request=0xffffffde fr.pc=0x000001ff1b25f670 relative=0x0000000000000650
Event: 30.667 Thread 0x000001ff6dcb9a50 Uncommon trap: reason=class_check action=maybe_recompile pc=0x000001ff1b25f670 method=org.eclipse.jdt.internal.compiler.util.SimpleLookupTable.put(Ljava/lang/Object;Ljava/lang/Object;)Ljava/lang/Object; @ 7 c2
Event: 30.667 Thread 0x000001ff6dcb9a50 DEOPT PACKING pc=0x000001ff1b25f670 sp=0x000000bdb99fee70
Event: 30.667 Thread 0x000001ff6dcb9a50 DEOPT UNPACKING pc=0x000001ff1aa83aa2 sp=0x000000bdb99fee18 mode 2

Classes loaded (20 events):
Event: 17.495 Loading class java/lang/Throwable$PrintStreamOrWriter done
Event: 17.495 Loading class java/lang/Throwable$WrappedPrintWriter done
Event: 17.663 Loading class java/util/Collections$SynchronizedRandomAccessList
Event: 17.664 Loading class java/util/Collections$SynchronizedList
Event: 17.664 Loading class java/util/Collections$SynchronizedList done
Event: 17.664 Loading class java/util/Collections$SynchronizedRandomAccessList done
Event: 17.684 Loading class java/util/concurrent/CompletableFuture$Signaller
Event: 17.685 Loading class java/util/concurrent/CompletableFuture$Signaller done
Event: 29.175 Loading class sun/nio/fs/WindowsFileCopy
Event: 29.212 Loading class sun/nio/fs/WindowsFileCopy done
Event: 30.047 Loading class java/util/Vector$1
Event: 30.048 Loading class java/util/Vector$1 done
Event: 30.781 Loading class java/util/concurrent/CompletableFuture$UniApply
Event: 30.782 Loading class java/util/concurrent/CompletableFuture$UniCompletion
Event: 30.782 Loading class java/util/concurrent/CompletableFuture$UniCompletion done
Event: 30.782 Loading class java/util/concurrent/CompletableFuture$UniApply done
Event: 30.797 Loading class java/util/concurrent/CompletableFuture$UniAccept
Event: 30.797 Loading class java/util/concurrent/CompletableFuture$UniAccept done
Event: 30.797 Loading class java/util/concurrent/CompletableFuture$UniExceptionally
Event: 30.799 Loading class java/util/concurrent/CompletableFuture$UniExceptionally done

Classes unloaded (16 events):
Event: 12.062 Thread 0x000001ff103baa10 Unloading class 0x000001ff281a4000 'java/lang/invoke/LambdaForm$MH+0x000001ff281a4000'
Event: 12.062 Thread 0x000001ff103baa10 Unloading class 0x000001ff281a3c00 'java/lang/invoke/LambdaForm$MH+0x000001ff281a3c00'
Event: 12.062 Thread 0x000001ff103baa10 Unloading class 0x000001ff281a3800 'java/lang/invoke/LambdaForm$MH+0x000001ff281a3800'
Event: 12.062 Thread 0x000001ff103baa10 Unloading class 0x000001ff281a3400 'java/lang/invoke/LambdaForm$MH+0x000001ff281a3400'
Event: 12.062 Thread 0x000001ff103baa10 Unloading class 0x000001ff281a3000 'java/lang/invoke/LambdaForm$BMH+0x000001ff281a3000'
Event: 12.062 Thread 0x000001ff103baa10 Unloading class 0x000001ff281a2c00 'java/lang/invoke/LambdaForm$DMH+0x000001ff281a2c00'
Event: 12.062 Thread 0x000001ff103baa10 Unloading class 0x000001ff281a1800 'java/lang/invoke/LambdaForm$DMH+0x000001ff281a1800'
Event: 13.563 Thread 0x000001ff103baa10 Unloading class 0x000001ff2833f400 'java/lang/invoke/LambdaForm$MH+0x000001ff2833f400'
Event: 13.563 Thread 0x000001ff103baa10 Unloading class 0x000001ff2833e800 'java/lang/invoke/LambdaForm$MH+0x000001ff2833e800'
Event: 13.563 Thread 0x000001ff103baa10 Unloading class 0x000001ff2833dc00 'java/lang/invoke/LambdaForm$MH+0x000001ff2833dc00'
Event: 13.563 Thread 0x000001ff103baa10 Unloading class 0x000001ff28339000 'java/lang/invoke/LambdaForm$MH+0x000001ff28339000'
Event: 13.563 Thread 0x000001ff103baa10 Unloading class 0x000001ff28338800 'java/lang/invoke/LambdaForm$MH+0x000001ff28338800'
Event: 13.563 Thread 0x000001ff103baa10 Unloading class 0x000001ff28338000 'java/lang/invoke/LambdaForm$MH+0x000001ff28338000'
Event: 13.563 Thread 0x000001ff103baa10 Unloading class 0x000001ff28335800 'java/lang/invoke/LambdaForm$MH+0x000001ff28335800'
Event: 13.563 Thread 0x000001ff103baa10 Unloading class 0x000001ff28335400 'java/lang/invoke/LambdaForm$MH+0x000001ff28335400'
Event: 13.563 Thread 0x000001ff103baa10 Unloading class 0x000001ff28334c00 'java/lang/invoke/LambdaForm$DMH+0x000001ff28334c00'

Classes redefined (0 events):
No events

Internal exceptions (20 events):
Event: 16.389 Thread 0x000001ff6db032e0 Exception <a 'sun/nio/fs/WindowsException'{0x00000000d6163350}> (0x00000000d6163350) 
thrown [s\src\hotspot\share\prims\jni.cpp, line 520]
Event: 16.394 Thread 0x000001ff6db032e0 Exception <a 'sun/nio/fs/WindowsException'{0x00000000d6166220}> (0x00000000d6166220) 
thrown [s\src\hotspot\share\prims\jni.cpp, line 520]
Event: 16.395 Thread 0x000001ff6db032e0 Exception <a 'sun/nio/fs/WindowsException'{0x00000000d61695c8}> (0x00000000d61695c8) 
thrown [s\src\hotspot\share\prims\jni.cpp, line 520]
Event: 16.396 Thread 0x000001ff6db032e0 Exception <a 'sun/nio/fs/WindowsException'{0x00000000d616c988}> (0x00000000d616c988) 
thrown [s\src\hotspot\share\prims\jni.cpp, line 520]
Event: 16.397 Thread 0x000001ff6db032e0 Exception <a 'sun/nio/fs/WindowsException'{0x00000000d617d5c0}> (0x00000000d617d5c0) 
thrown [s\src\hotspot\share\prims\jni.cpp, line 520]
Event: 16.398 Thread 0x000001ff6db032e0 Exception <a 'sun/nio/fs/WindowsException'{0x00000000d6180998}> (0x00000000d6180998) 
thrown [s\src\hotspot\share\prims\jni.cpp, line 520]
Event: 16.454 Thread 0x000001ff6db032e0 Exception <a 'java/lang/NoSuchMethodError'{0x00000000d6418f78}: 'java.lang.Object java.lang.invoke.DelegatingMethodHandle$Holder.reinvoke_L(java.lang.Object, int, long, java.lang.Object, java.lang.Object, int, java.lang.Object)'> (0x00000000d6418f78) 
thrown [s\src\hotspot\share\interpreter\linkResolver.cpp, line 773]
Event: 16.612 Thread 0x000001ff6db032e0 Exception <a 'java/lang/NoSuchMethodError'{0x00000000d5597618}: 'java.lang.Object java.lang.invoke.Invokers$Holder.invoke_MT(java.lang.Object, java.lang.Object, java.lang.Object, java.lang.Object, java.lang.Object, java.lang.Object, java.lang.Object, java.lang.Object, java.lang.Object, java.lang.Object)'> (0x00000000d5597618) 
thrown [s\src\hotspot\share\interpreter\linkResolver.cpp, line 773]
Event: 17.467 Thread 0x000001ff6db032e0 Exception <a 'sun/nio/fs/WindowsException'{0x00000000d5a96be8}> (0x00000000d5a96be8) 
thrown [s\src\hotspot\share\prims\jni.cpp, line 520]
Event: 17.489 Thread 0x000001ff6db032e0 Exception <a 'sun/nio/fs/WindowsException'{0x00000000d5b39310}> (0x00000000d5b39310) 
thrown [s\src\hotspot\share\prims\jni.cpp, line 520]
Event: 17.588 Thread 0x000001ff6dcb8d30 Exception <a 'java/lang/IncompatibleClassChangeError'{0x00000000d5fd8168}: Found class java.lang.Object, but interface was expected> (0x00000000d5fd8168) 
thrown [s\src\hotspot\share\interpreter\linkResolver.cpp, line 840]
Event: 17.954 Thread 0x000001ff6dcb9a50 Implicit null exception at 0x000001ff1b24c4e9 to 0x000001ff1b24c6bc
Event: 18.560 Thread 0x000001ff6db032e0 Exception <a 'sun/nio/fs/WindowsException'{0x00000000d560e238}> (0x00000000d560e238) 
thrown [s\src\hotspot\share\prims\jni.cpp, line 520]
Event: 18.560 Thread 0x000001ff6db032e0 Exception <a 'sun/nio/fs/WindowsException'{0x00000000d560e5e8}> (0x00000000d560e5e8) 
thrown [s\src\hotspot\share\prims\jni.cpp, line 520]
Event: 23.048 Thread 0x000001ff6dcb9a50 Implicit null exception at 0x000001ff1b2e5068 to 0x000001ff1b2ea340
Event: 29.218 Thread 0x000001ff6dcb9a50 Exception <a 'sun/nio/fs/WindowsException'{0x00000000d592fd60}> (0x00000000d592fd60) 
thrown [s\src\hotspot\share\prims\jni.cpp, line 520]
Event: 30.469 Thread 0x000001ff6dcb9a50 Implicit null exception at 0x000001ff1b35d0c2 to 0x000001ff1b35f7e4
Event: 30.505 Thread 0x000001ff6dcb9a50 Exception <a 'sun/nio/fs/WindowsException'{0x00000000d569ab78}> (0x00000000d569ab78) 
thrown [s\src\hotspot\share\prims\jni.cpp, line 520]
Event: 30.921 Thread 0x000001ff6dcb8d30 Exception <a 'java/lang/IncompatibleClassChangeError'{0x00000000d58f5430}: Found class java.lang.Object, but interface was expected> (0x00000000d58f5430) 
thrown [s\src\hotspot\share\interpreter\linkResolver.cpp, line 840]
Event: 30.967 Thread 0x000001ff6dcb8d30 Exception <a 'java/lang/IncompatibleClassChangeError'{0x00000000d59d5a68}: Found class java.lang.Object, but interface was expected> (0x00000000d59d5a68) 
thrown [s\src\hotspot\share\interpreter\linkResolver.cpp, line 840]

ZGC Phase Switch (0 events):
No events

VM Operations (20 events):
Event: 30.000 Executing safepoint VM operation: ParallelGCFailedAllocation (Allocation Failure) done
Event: 30.180 Executing safepoint VM operation: ParallelGCFailedAllocation (Allocation Failure)
Event: 30.186 Executing safepoint VM operation: ParallelGCFailedAllocation (Allocation Failure) done
Event: 30.319 Executing safepoint VM operation: ParallelGCFailedAllocation (Allocation Failure)
Event: 30.324 Executing safepoint VM operation: ParallelGCFailedAllocation (Allocation Failure) done
Event: 30.429 Executing safepoint VM operation: ParallelGCFailedAllocation (Allocation Failure)
Event: 30.433 Executing safepoint VM operation: ParallelGCFailedAllocation (Allocation Failure) done
Event: 30.453 Executing non-safepoint VM operation: HandshakeAllThreads (Deoptimize)
Event: 30.453 Executing non-safepoint VM operation: HandshakeAllThreads (Deoptimize) done
Event: 30.532 Executing safepoint VM operation: ParallelGCFailedAllocation (Allocation Failure)
Event: 30.536 Executing safepoint VM operation: ParallelGCFailedAllocation (Allocation Failure) done
Event: 30.549 Executing safepoint VM operation: ParallelGCFailedAllocation (Allocation Failure)
Event: 30.554 Executing safepoint VM operation: ParallelGCFailedAllocation (Allocation Failure) done
Event: 30.578 Executing safepoint VM operation: ParallelGCFailedAllocation (Allocation Failure)
Event: 30.586 Executing safepoint VM operation: ParallelGCFailedAllocation (Allocation Failure) done
Event: 30.614 Executing safepoint VM operation: ParallelGCFailedAllocation (Allocation Failure)
Event: 30.625 Executing safepoint VM operation: ParallelGCFailedAllocation (Allocation Failure) done
Event: 30.650 Executing safepoint VM operation: ParallelGCFailedAllocation (Allocation Failure)
Event: 30.662 Executing safepoint VM operation: ParallelGCFailedAllocation (Allocation Failure) done
Event: 31.054 Executing safepoint VM operation: ParallelGCFailedAllocation (Allocation Failure)

Memory protections (0 events):
No events

Nmethod flushes (20 events):
Event: 13.571 Thread 0x000001ff103baa10 flushing  nmethod 0x000001ff13a27690
Event: 13.571 Thread 0x000001ff103baa10 flushing  nmethod 0x000001ff13a71190
Event: 13.571 Thread 0x000001ff103baa10 flushing  nmethod 0x000001ff13a93b90
Event: 13.571 Thread 0x000001ff103baa10 flushing  nmethod 0x000001ff13ae8b90
Event: 13.571 Thread 0x000001ff103baa10 flushing  nmethod 0x000001ff13b23190
Event: 13.571 Thread 0x000001ff103baa10 flushing  nmethod 0x000001ff13b54f90
Event: 13.571 Thread 0x000001ff103baa10 flushing  nmethod 0x000001ff13b56890
Event: 13.571 Thread 0x000001ff103baa10 flushing  nmethod 0x000001ff13b57190
Event: 13.571 Thread 0x000001ff103baa10 flushing  nmethod 0x000001ff13b58390
Event: 13.571 Thread 0x000001ff103baa10 flushing  nmethod 0x000001ff13b58b90
Event: 13.571 Thread 0x000001ff103baa10 flushing  nmethod 0x000001ff13b59c90
Event: 13.571 Thread 0x000001ff103baa10 flushing  nmethod 0x000001ff13b5cf90
Event: 13.571 Thread 0x000001ff103baa10 flushing  nmethod 0x000001ff13b5d990
Event: 13.571 Thread 0x000001ff103baa10 flushing  nmethod 0x000001ff13b69790
Event: 13.571 Thread 0x000001ff103baa10 flushing  nmethod 0x000001ff13b94290
Event: 13.571 Thread 0x000001ff103baa10 flushing  nmethod 0x000001ff13b9ef10
Event: 13.571 Thread 0x000001ff103baa10 flushing  nmethod 0x000001ff13ba6a10
Event: 13.571 Thread 0x000001ff103baa10 flushing  nmethod 0x000001ff13ba9710
Event: 13.571 Thread 0x000001ff103baa10 flushing  nmethod 0x000001ff13baf090
Event: 13.571 Thread 0x000001ff103baa10 flushing  nmethod 0x000001ff13c19d10

Events (20 events):
Event: 5.519 Thread 0x000001ff102fa480 Thread added: 0x000001ff6d2cd140
Event: 6.039 Thread 0x000001ff6d2cd140 Thread added: 0x000001ff6d719c40
Event: 8.205 Thread 0x000001ff6d2cd140 Thread added: 0x000001ff6d99e220
Event: 9.199 Thread 0x000001ff6d2cd140 Thread added: 0x000001ff26d73b50
Event: 11.299 Thread 0x000001ff6d2cd140 Thread added: 0x000001ff6db04000
Event: 11.365 Thread 0x000001ff6d2cd140 Thread added: 0x000001ff6db02c50
Event: 11.399 Thread 0x000001ff6d2cd140 Thread added: 0x000001ff6db032e0
Event: 12.853 Thread 0x000001ff6d2cd140 Thread added: 0x000001ff6dcb9a50
Event: 13.072 Thread 0x000001ff6db02c50 Thread added: 0x000001ff6dcba0e0
Event: 13.229 Thread 0x000001ff6dcba0e0 Thread added: 0x000001ff6dcb86a0
Event: 13.259 Thread 0x000001ff6dcb86a0 Thread added: 0x000001ff6dcba770
Event: 13.334 Thread 0x000001ff6dcba770 Thread added: 0x000001ff6dcbae00
Event: 13.459 Thread 0x000001ff102fa480 Thread added: 0x000001ff6dcbb490
Event: 13.799 Thread 0x000001ff102fa480 Thread added: 0x000001ff6dcbc1b0
Event: 13.800 Thread 0x000001ff102fa480 Thread added: 0x000001ff6dcb8d30
Event: 16.227 Thread 0x000001ff6db032e0 Thread added: 0x000001ff6dcbc840
Event: 17.547 Thread 0x000001ff6dcbc840 Thread exited: 0x000001ff6dcbc840
Event: 30.797 Thread 0x000001ff6dcb8d30 Thread added: 0x000001ff6dcb93c0
Event: 30.838 Thread 0x000001ff6dcb93c0 Thread added: 0x000001ff6dcbe910
Event: 30.914 Thread 0x000001ff6dcb8d30 Thread added: 0x000001ff6dcbced0


Dynamic libraries:
0x00007ff6cf3d0000 - 0x00007ff6cf3de000 	c:\Users\userr\.vscode\extensions\redhat.java-1.56.0-win32-x64\jre\21.0.12.1-win32-x86_64\bin\java.exe
0x00007fff81160000 - 0x00007fff813c7000 	C:\WINDOWS\SYSTEM32\ntdll.dll
0x00007fff7ef30000 - 0x00007fff7effb000 	C:\WINDOWS\System32\KERNEL32.DLL
0x00007fff7e940000 - 0x00007fff7ed42000 	C:\WINDOWS\System32\KERNELBASE.dll
0x00007fff7e7e0000 - 0x00007fff7e92c000 	C:\WINDOWS\System32\ucrtbase.dll
0x00007fff73f90000 - 0x00007fff73fa8000 	c:\Users\userr\.vscode\extensions\redhat.java-1.56.0-win32-x64\jre\21.0.12.1-win32-x86_64\bin\jli.dll
0x00007fff80750000 - 0x00007fff8091f000 	C:\WINDOWS\System32\USER32.dll
0x00007fff7e7b0000 - 0x00007fff7e7d7000 	C:\WINDOWS\System32\win32u.dll
0x00007fff7fbf0000 - 0x00007fff7fc1b000 	C:\WINDOWS\System32\GDI32.dll
0x00007fff7ed50000 - 0x00007fff7ee79000 	C:\WINDOWS\System32\gdi32full.dll
0x00007fff7e420000 - 0x00007fff7e4c3000 	C:\WINDOWS\System32\msvcp_win.dll
0x00007fff6fd30000 - 0x00007fff6fd4e000 	c:\Users\userr\.vscode\extensions\redhat.java-1.56.0-win32-x64\jre\21.0.12.1-win32-x86_64\bin\VCRUNTIME140.dll
0x00007fff6de90000 - 0x00007fff6e120000 	C:\WINDOWS\WinSxS\amd64_microsoft.windows.common-controls_6595b64144ccf1df_6.0.26100.9278_none_3e0d1ba8e3303201\COMCTL32.dll
0x00007fff7fa20000 - 0x00007fff7fac9000 	C:\WINDOWS\System32\msvcrt.dll
0x00007fff80d70000 - 0x00007fff80da1000 	C:\WINDOWS\System32\IMM32.DLL
0x00007fff7ac20000 - 0x00007fff7ac2c000 	c:\Users\userr\.vscode\extensions\redhat.java-1.56.0-win32-x64\jre\21.0.12.1-win32-x86_64\bin\vcruntime140_1.dll
0x00007fff61360000 - 0x00007fff613ed000 	c:\Users\userr\.vscode\extensions\redhat.java-1.56.0-win32-x64\jre\21.0.12.1-win32-x86_64\bin\msvcp140.dll
0x00007fff023d0000 - 0x00007fff03172000 	c:\Users\userr\.vscode\extensions\redhat.java-1.56.0-win32-x64\jre\21.0.12.1-win32-x86_64\bin\server\jvm.dll
0x00007fff80c10000 - 0x00007fff80ccc000 	C:\WINDOWS\System32\ADVAPI32.dll
0x00007fff7ee80000 - 0x00007fff7ef29000 	C:\WINDOWS\System32\sechost.dll
0x00007fff7f0a0000 - 0x00007fff7f1b8000 	C:\WINDOWS\System32\RPCRT4.dll
0x00007fff806c0000 - 0x00007fff80740000 	C:\WINDOWS\System32\WS2_32.dll
0x00007fff7e1c0000 - 0x00007fff7e21e000 	C:\WINDOWS\SYSTEM32\POWRPROF.dll
0x00007fff77070000 - 0x00007fff770a6000 	C:\WINDOWS\SYSTEM32\WINMM.dll
0x00007fff770b0000 - 0x00007fff770bb000 	C:\WINDOWS\SYSTEM32\VERSION.dll
0x00007fff7e1a0000 - 0x00007fff7e1b5000 	C:\WINDOWS\SYSTEM32\UMPDC.dll
0x00007fff7d030000 - 0x00007fff7d04b000 	C:\WINDOWS\SYSTEM32\kernel.appcore.dll
0x00007fff73f80000 - 0x00007fff73f8a000 	c:\Users\userr\.vscode\extensions\redhat.java-1.56.0-win32-x64\jre\21.0.12.1-win32-x86_64\bin\jimage.dll
0x00007fff7bb30000 - 0x00007fff7bd7c000 	C:\WINDOWS\SYSTEM32\DBGHELP.DLL
0x00007fff7fea0000 - 0x00007fff80225000 	C:\WINDOWS\System32\combase.dll
0x00007fff7fca0000 - 0x00007fff7fd79000 	C:\WINDOWS\System32\OLEAUT32.dll
0x00007fff61490000 - 0x00007fff614cb000 	C:\WINDOWS\SYSTEM32\dbgcore.DLL
0x00007fff7e360000 - 0x00007fff7e40c000 	C:\WINDOWS\System32\bcryptPrimitives.dll
0x00007fff6fd20000 - 0x00007fff6fd2f000 	c:\Users\userr\.vscode\extensions\redhat.java-1.56.0-win32-x64\jre\21.0.12.1-win32-x86_64\bin\instrument.dll
0x00007fff6f550000 - 0x00007fff6f570000 	c:\Users\userr\.vscode\extensions\redhat.java-1.56.0-win32-x64\jre\21.0.12.1-win32-x86_64\bin\java.dll
0x00007fff7f1c0000 - 0x00007fff7f958000 	C:\WINDOWS\System32\SHELL32.dll
0x00007fff7bdf0000 - 0x00007fff7c69e000 	C:\WINDOWS\SYSTEM32\windows.storage.dll
0x00007fff7fd80000 - 0x00007fff7fe7b000 	C:\WINDOWS\System32\SHCORE.dll
0x00007fff80db0000 - 0x00007fff80e16000 	C:\WINDOWS\System32\shlwapi.dll
0x00007fff7e280000 - 0x00007fff7e2a9000 	C:\WINDOWS\SYSTEM32\profapi.dll
0x00007fff656d0000 - 0x00007fff656e8000 	c:\Users\userr\.vscode\extensions\redhat.java-1.56.0-win32-x64\jre\21.0.12.1-win32-x86_64\bin\zip.dll
0x00007fff6fd10000 - 0x00007fff6fd20000 	C:\Users\userr\.vscode\extensions\redhat.java-1.56.0-win32-x64\jre\21.0.12.1-win32-x86_64\bin\net.dll
0x00007fff74050000 - 0x00007fff7417a000 	C:\WINDOWS\SYSTEM32\WINHTTP.dll
0x00007fff7d5f0000 - 0x00007fff7d65c000 	C:\WINDOWS\system32\mswsock.dll
0x00007fff61430000 - 0x00007fff61446000 	C:\Users\userr\.vscode\extensions\redhat.java-1.56.0-win32-x64\jre\21.0.12.1-win32-x86_64\bin\nio.dll
0x00007fff6fbc0000 - 0x00007fff6fbd0000 	c:\Users\userr\.vscode\extensions\redhat.java-1.56.0-win32-x64\jre\21.0.12.1-win32-x86_64\bin\verify.dll
0x00007fff5d440000 - 0x00007fff5d485000 	C:\Users\userr\AppData\Roaming\Code\User\globalStorage\redhat.java\1.56.0\config_win\org.eclipse.equinox.launcher\org.eclipse.equinox.launcher.win32.win32.x86_64_1.3.100.v20260804-1928\eclipse_11924.dll
0x00007fff80e20000 - 0x00007fff80fba000 	C:\WINDOWS\System32\ole32.dll
0x00007fff7d8e0000 - 0x00007fff7d8fb000 	C:\WINDOWS\SYSTEM32\CRYPTSP.dll
0x00007fff7cf90000 - 0x00007fff7cfc9000 	C:\WINDOWS\system32\rsaenh.dll
0x00007fff7d6a0000 - 0x00007fff7d6d4000 	C:\WINDOWS\SYSTEM32\USERENV.dll
0x00007fff7e250000 - 0x00007fff7e27a000 	C:\WINDOWS\SYSTEM32\bcrypt.dll
0x00007fff7d900000 - 0x00007fff7d90c000 	C:\WINDOWS\SYSTEM32\CRYPTBASE.dll
0x00007fff7ca40000 - 0x00007fff7ca73000 	C:\WINDOWS\SYSTEM32\IPHLPAPI.DLL
0x00007fff7fc70000 - 0x00007fff7fc7a000 	C:\WINDOWS\System32\NSI.dll
0x00007fff59df0000 - 0x00007fff59e39000 	C:\Users\userr\AppData\Local\Temp\jna-111578631\jna11810466876488367012.dll
0x00007fff7fbe0000 - 0x00007fff7fbe8000 	C:\WINDOWS\System32\PSAPI.DLL
0x00007fff73fe0000 - 0x00007fff73ffd000 	C:\WINDOWS\SYSTEM32\dhcpcsvc6.DLL
0x00007fff73fb0000 - 0x00007fff73fd5000 	C:\WINDOWS\SYSTEM32\dhcpcsvc.DLL

JVMTI agents:
c:\Users\userr\.vscode\extensions\redhat.java-1.56.0-win32-x64\lombok\lombok-1.18.39-4050.jar path:c:\Users\userr\.vscode\extensions\redhat.java-1.56.0-win32-x64\jre\21.0.12.1-win32-x86_64\bin\instrument.dll, loaded, initialized, instrumentlib options:none

dbghelp: loaded successfully - version: 4.0.5 - missing functions: none
symbol engine: initialized successfully - sym options: 0x614 - pdb path: .;c:\Users\userr\.vscode\extensions\redhat.java-1.56.0-win32-x64\jre\21.0.12.1-win32-x86_64\bin;C:\WINDOWS\SYSTEM32;C:\WINDOWS\WinSxS\amd64_microsoft.windows.common-controls_6595b64144ccf1df_6.0.26100.9278_none_3e0d1ba8e3303201;c:\Users\userr\.vscode\extensions\redhat.java-1.56.0-win32-x64\jre\21.0.12.1-win32-x86_64\bin\server;C:\Users\userr\AppData\Roaming\Code\User\globalStorage\redhat.java\1.56.0\config_win\org.eclipse.equinox.launcher\org.eclipse.equinox.launcher.win32.win32.x86_64_1.3.100.v20260804-1928;C:\Users\userr\AppData\Local\Temp\jna-111578631

VM Arguments:
jvm_args: --add-modules=ALL-SYSTEM --add-opens=java.base/java.util=ALL-UNNAMED --add-opens=java.base/java.lang=ALL-UNNAMED --add-opens=java.base/sun.nio.fs=ALL-UNNAMED -Declipse.application=org.eclipse.jdt.ls.core.id1 -Dosgi.bundles.defaultStartLevel=4 -Declipse.product=org.eclipse.jdt.ls.core.product -Djava.import.generatesMetadataFilesAtProjectRoot=false -Dm2e.project.cache.size=50 -DDetectVMInstallationsJob.disabled=true -Dfile.encoding=utf8 -XX:+UseParallelGC -XX:GCTimeRatio=4 -XX:AdaptiveSizePolicyWeight=90 -Dsun.zip.disableMemoryMapping=true -Xmx2G -Xms100m -Xlog:disable -javaagent:c:\Users\userr\.vscode\extensions\redhat.java-1.56.0-win32-x64\lombok\lombok-1.18.39-4050.jar -XX:+HeapDumpOnOutOfMemoryError -XX:HeapDumpPath=c:\Users\userr\AppData\Roaming\Code\User\workspaceStorage\c4b83d7339acd179f2d2b69a820df3c5\redhat.java -Daether.dependencyCollector.impl=bf 
java_command: c:\Users\userr\.vscode\extensions\redhat.java-1.56.0-win32-x64\server\plugins\org.eclipse.equinox.launcher_1.8.0.v20260804-1928.jar -configuration c:\Users\userr\AppData\Roaming\Code\User\globalStorage\redhat.java\1.56.0\config_win -data c:\Users\userr\AppData\Roaming\Code\User\workspaceStorage\c4b83d7339acd179f2d2b69a820df3c5\redhat.java\jdt_ws --stdio
java_class_path (initial): c:\Users\userr\.vscode\extensions\redhat.java-1.56.0-win32-x64\server\plugins\org.eclipse.equinox.launcher_1.8.0.v20260804-1928.jar
Launcher Type: SUN_STANDARD

[Global flags]
    uintx AdaptiveSizePolicyWeight                 = 90                                        {product} {command line}
     intx CICompilerCount                          = 3                                         {product} {ergonomic}
    uintx GCTimeRatio                              = 4                                         {product} {command line}
     bool HeapDumpOnOutOfMemoryError               = true                                   {manageable} {command line}
    ccstr HeapDumpPath                             = c:\Users\userr\AppData\Roaming\Code\User\workspaceStorage\c4b83d7339acd179f2d2b69a820df3c5\redhat.java         {manageable} {command line}
   size_t InitialHeapSize                          = 104857600                                 {product} {command line}
   size_t MaxHeapSize                              = 2147483648                                {product} {command line}
   size_t MaxNewSize                               = 715653120                                 {product} {ergonomic}
   size_t MinHeapDeltaBytes                        = 524288                                    {product} {ergonomic}
   size_t MinHeapSize                              = 104857600                                 {product} {command line}
   size_t NewSize                                  = 34603008                                  {product} {ergonomic}
    uintx NonNMethodCodeHeapSize                   = 5832780                                {pd product} {ergonomic}
    uintx NonProfiledCodeHeapSize                  = 122912730                              {pd product} {ergonomic}
   size_t OldSize                                  = 70254592                                  {product} {ergonomic}
    uintx ProfiledCodeHeapSize                     = 122912730                              {pd product} {ergonomic}
    uintx ReservedCodeCacheSize                    = 251658240                              {pd product} {ergonomic}
     bool SegmentedCodeCache                       = true                                      {product} {ergonomic}
   size_t SoftMaxHeapSize                          = 2147483648                             {manageable} {ergonomic}
     bool UseCompressedOops                        = true                           {product lp64_product} {ergonomic}
     bool UseLargePagesIndividualAllocation        = false                                  {pd product} {ergonomic}
     bool UseParallelGC                            = true                                      {product} {command line}

Logging:
Log output configuration:
 #0: stdout all=off uptime,level,tags foldmultilines=false
 #1: stderr all=off uptime,level,tags foldmultilines=false

Release file:
JAVA_VERSION="21.0.12.1" 
MODULES="java.base java.compiler java.datatransfer java.xml java.prefs java.desktop java.instrument java.logging java.management java.security.sasl java.naming java.rmi java.management.rmi java.net.http java.scripting java.security.jgss java.transaction.xa java.sql java.sql.rowset java.xml.crypto java.se java.smartcardio jdk.accessibility jdk.internal.jvmstat jdk.attach jdk.charsets jdk.internal.opt jdk.zipfs jdk.compiler jdk.crypto.ec jdk.crypto.cryptoki jdk.crypto.mscapi jdk.dynalink jdk.internal.ed jdk.editpad jdk.hotspot.agent jdk.httpserver jdk.internal.le jdk.internal.vm.ci jdk.internal.vm.compiler jdk.internal.vm.compiler.management jdk.jartool jdk.javadoc jdk.jcmd jdk.management jdk.management.agent jdk.jconsole jdk.jdeps jdk.jdwp.agent jdk.jdi jdk.jfr jdk.jshell jdk.jsobject jdk.jstatd jdk.localedata jdk.management.jfr jdk.naming.dns jdk.naming.rmi jdk.net jdk.nio.mapmode jdk.random jdk.sctp jdk.security.auth jdk.security.jgss jdk.unsupported jdk.unsupported.desktop jdk.xml.dom" 

Environment Variables:
PATH=C:\Program Files\Common Files\Oracle\Java\javapath;C:\Program Files (x86)\Common Files\Oracle\Java\java8path;C:\Program Files (x86)\Common Files\Oracle\Java\javapath;C:\ProgramData\Oracle\Java\javapath;C:\WINDOWS\system32;C:\WINDOWS;C:\WINDOWS\System32\Wbem;C:\WINDOWS\System32\WindowsPowerShell\v1.0\;C:\WINDOWS\System32\OpenSSH\;C:\Program Files\Git\cmd;C:\Users\userr\AppData\Local\Microsoft\WindowsApps;D:\App\Microsoft VS Code\bin;C:\Program Files\Java\jdk-26.0.2.1\bin;
USERNAME=userr
OS=Windows_NT
PROCESSOR_IDENTIFIER=AMD64 Family 23 Model 24 Stepping 1, AuthenticAMD
TMP=C:\Users\userr\AppData\Local\Temp
TEMP=C:\Users\userr\AppData\Local\Temp




Periodic native trim disabled

---------------  S Y S T E M  ---------------

OS:
 Windows 11 , 64 bit Build 26100 (10.0.26100.9444)
OS uptime: 6 days 6:54 hours

CPU: total 4 (initial active 4) (4 cores per cpu, 2 threads per core) family 23 model 24 stepping 1 microcode 0x8108109, cx8, cmov, fxsr, ht, mmx, 3dnowpref, sse, sse2, sse3, ssse3, sse4a, sse4.1, sse4.2, popcnt, lzcnt, tsc, tscinvbit, avx, avx2, aes, clmul, bmi1, bmi2, adx, sha, fma, vzeroupper, clflush, clflushopt, rdtscp, f16c
Processor Information for the first 4 processors :
  Max Mhz: 2600, Current Mhz: 2600, Mhz Limit: 2600

Memory: 4k page, system-wide physical 3522M (291M free)
TotalPageFile size 12531M (AvailPageFile size 0M)
current process WorkingSet (physical memory assigned to process): 625M, peak: 625M
current process commit charge ("private bytes"): 657M, peak: 1617M

vm_info: OpenJDK 64-Bit Server VM (21.0.12.1+1-LTS) for windows-amd64 JRE (21.0.12.1+1-LTS), built on 2026-08-18T00:00:00Z by "admin" with MS VC++ 17.12 (VS2022)

END.
